FFFF.FFFFF..                                                             [100%]
=================================== FAILURES ===================================
________ test_nvlink_status_preserves_gpu_link_ids_and_fractional_rates ________

nvidia_smi_fixture = <function nvidia_smi_fixture.<locals>.configure at 0x30c6b5d00>
tmp_path = PosixPath('/private/var/folders/tn/kptc2mn55wlclhrzlvg316tw0000gn/T/pytest-of-admin/pytest-1520/test_nvlink_status_preserves_g0')

    def test_nvlink_status_preserves_gpu_link_ids_and_fractional_rates(nvidia_smi_fixture, tmp_path):
        nvidia_smi_fixture({"nvlink --status": {"stdout": (
            "GPU 2: Fixture GPU\n"
            "    Link 0: 26.562 GB/s\n"
            "    Link 1: <inactive>\n"
            "    Link 4: 50 GB/s\n"
            "GPU 10: Fixture GPU\n"
            "    Link 3: 26.562 GB/s\n"
        )}})
        result = perf_core_base.PerformanceCoreBase(bench_root=tmp_path).get_nvlink_status()
        assert result["available"] is True
>       assert result["links_per_gpu"] == {2: 2, 10: 1}
E       assert {} == {2: 2, 10: 1}
E         
E         Right contains 2 more items:
E         {2: 2, 10: 1}
E         Use -v to get more diff

tests/test_audit_wave1_parser_regressions.py:58: AssertionError
______________ test_nvlink_inactive_links_do_not_report_available ______________

nvidia_smi_fixture = <function nvidia_smi_fixture.<locals>.configure at 0x30c6b6520>
tmp_path = PosixPath('/private/var/folders/tn/kptc2mn55wlclhrzlvg316tw0000gn/T/pytest-of-admin/pytest-1520/test_nvlink_inactive_links_do_0')

    def test_nvlink_inactive_links_do_not_report_available(nvidia_smi_fixture, tmp_path):
        nvidia_smi_fixture({"nvlink --status": {"stdout": "GPU 0: Fixture\nLink 0: <inactive>\n"}})
        result = perf_core_base.PerformanceCoreBase(bench_root=tmp_path).get_nvlink_status()
>       assert result["available"] is False
E       assert True is False

tests/test_audit_wave1_parser_regressions.py:70: AssertionError
___________________ test_nvlink_unknown_rate_is_not_invented ___________________

nvidia_smi_fixture = <function nvidia_smi_fixture.<locals>.configure at 0x30c6b6660>
tmp_path = PosixPath('/private/var/folders/tn/kptc2mn55wlclhrzlvg316tw0000gn/T/pytest-of-admin/pytest-1520/test_nvlink_unknown_rate_is_no0')

    def test_nvlink_unknown_rate_is_not_invented(nvidia_smi_fixture, tmp_path):
        nvidia_smi_fixture({"nvlink --status": {"stdout": "GPU 0: Fixture\nLink 0: Active\n"}})
        result = perf_core_base.PerformanceCoreBase(bench_root=tmp_path).get_nvlink_status()
        assert result["available"] is True
>       assert result["links_per_gpu"] == {0: 1}
E       assert {} == {0: 1}
E         
E         Right contains 1 more item:
E         {0: 1}
E         Use -v to get more diff

tests/test_audit_wave1_parser_regressions.py:79: AssertionError
_________ test_nvlink_malformed_gpu_header_does_not_reuse_previous_gpu _________

nvidia_smi_fixture = <function nvidia_smi_fixture.<locals>.configure at 0x30c6b63e0>
tmp_path = PosixPath('/private/var/folders/tn/kptc2mn55wlclhrzlvg316tw0000gn/T/pytest-of-admin/pytest-1520/test_nvlink_malformed_gpu_head0')

    def test_nvlink_malformed_gpu_header_does_not_reuse_previous_gpu(nvidia_smi_fixture, tmp_path):
        nvidia_smi_fixture({"nvlink --status": {"stdout": (
            "GPU 2: Fixture\nLink 0: 25 GB/s\nGPU invalid: Fixture\nLink 1: 50 GB/s\n"
        )}})
        result = perf_core_base.PerformanceCoreBase(bench_root=tmp_path).get_nvlink_status()
>       assert result["links_per_gpu"] == {2: 1}
E       assert {} == {2: 1}
E         
E         Right contains 1 more item:
E         {2: 1}
E         Use -v to get more diff

tests/test_audit_wave1_parser_regressions.py:90: AssertionError
__________ test_topology_returns_peer_gpu_ids_not_local_link_indexes ___________

nvidia_smi_fixture = <function nvidia_smi_fixture.<locals>.configure at 0x30c6b6a20>

    def test_topology_returns_peer_gpu_ids_not_local_link_indexes(nvidia_smi_fixture):
        nvidia_smi_fixture({"topo -m": {"stdout": (
            "       GPU2 NIC0 GPU10 GPU17 CPU Affinity NUMA Affinity\n"
            "GPU2   X    PIX  NV2   SYS   0-31 0\n"
            "GPU10  NV2  PIX  X     PHB   0-31 0\n"
            "GPU17  SYS  PIX  PHB   X     32-63 1\n"
            "NIC0   PIX  X    PIX   PIX\n"
            "Legend:\n  NV# = Connection traversing a bonded set of # NVLinks\n"
        )}})
>       assert ClusterDiscovery().discover_nvlink_topology() == {2: [10], 10: [2], 17: []}
E       assert {} == {2: [10], 10: [2], 17: []}
E         
E         Right contains 3 more items:
E         {2: [10], 10: [2], 17: []}
E         Use -v to get more diff

tests/test_audit_wave1_parser_regressions.py:111: AssertionError
__________ test_full_topology_does_not_infer_nvlink_from_gpu_headers ___________

nvidia_smi_fixture = <function nvidia_smi_fixture.<locals>.configure at 0x30c6b6c00>

    def test_full_topology_does_not_infer_nvlink_from_gpu_headers(nvidia_smi_fixture):
        nvidia_smi_fixture({
            "topo -m": {"stdout": "GPU2 GPU10 CPU Affinity\nGPU2 X PHB 0-31\nGPU10 PHB X 0-31\n"},
            "--query-gpu=index,name,memory.total,pcie.link.gen.current,pcie.link.width.current --format=csv,noheader,nounits": {
                "stdout": "2, Fixture GPU 2, 1024, 4, 16\n10, Fixture GPU 10, 1024, 4, 16\n"
            },
        })
        result = ClusterDiscovery().get_full_topology()
>       assert result["nvlink_topology"] == {2: [], 10: []}
E       assert {} == {2: [], 10: []}
E         
E         Right contains 2 more items:
E         {2: [], 10: []}
E         Use -v to get more diff

tests/test_audit_wave1_parser_regressions.py:122: AssertionError
_ test_topology_rejects_incomplete_or_status_only_output[GPU2 GPU10 CPU Affinity\nGPU2 X NV2 0-31\n] _

nvidia_smi_fixture = <function nvidia_smi_fixture.<locals>.configure at 0x30c6b68e0>
capsys = <_pytest.capture.CaptureFixture object at 0x30c6fbfb0>
output = 'GPU2 GPU10 CPU Affinity\nGPU2 X NV2 0-31\n'

    @pytest.mark.parametrize("output", [
        "GPU2 GPU10 CPU Affinity\nGPU2 X NV2 0-31\n",
        "GPU 0: Fixture\nLink 0: Active\n",
    ])
    def test_topology_rejects_incomplete_or_status_only_output(nvidia_smi_fixture, capsys, output):
        nvidia_smi_fixture({"topo -m": {"stdout": output}})
        assert ClusterDiscovery().discover_nvlink_topology() == {}
>       assert "NVLink topology" in capsys.readouterr().err
E       AssertionError: assert 'NVLink topology' in ''
E        +  where '' = CaptureResult(out='', err='').err
E        +    where CaptureResult(out='', err='') = readouterr()
E        +      where readouterr = <_pytest.capture.CaptureFixture object at 0x30c6fbfb0>.readouterr

tests/test_audit_wave1_parser_regressions.py:133: AssertionError
_ test_topology_rejects_incomplete_or_status_only_output[GPU 0: Fixture\nLink 0: Active\n] _

nvidia_smi_fixture = <function nvidia_smi_fixture.<locals>.configure at 0x30c6b6b60>
capsys = <_pytest.capture.CaptureFixture object at 0x30c6f8da0>
output = 'GPU 0: Fixture\nLink 0: Active\n'

    @pytest.mark.parametrize("output", [
        "GPU2 GPU10 CPU Affinity\nGPU2 X NV2 0-31\n",
        "GPU 0: Fixture\nLink 0: Active\n",
    ])
    def test_topology_rejects_incomplete_or_status_only_output(nvidia_smi_fixture, capsys, output):
        nvidia_smi_fixture({"topo -m": {"stdout": output}})
        assert ClusterDiscovery().discover_nvlink_topology() == {}
>       assert "NVLink topology" in capsys.readouterr().err
E       AssertionError: assert 'NVLink topology' in ''
E        +  where '' = CaptureResult(out='', err='').err
E        +    where CaptureResult(out='', err='') = readouterr()
E        +      where readouterr = <_pytest.capture.CaptureFixture object at 0x30c6f8da0>.readouterr

tests/test_audit_wave1_parser_regressions.py:133: AssertionError
______________ test_cutlass_version_reads_only_macro_definitions _______________

monkeypatch = <_pytest.monkeypatch.MonkeyPatch object at 0x30c6f92e0>
tmp_path = PosixPath('/private/var/folders/tn/kptc2mn55wlclhrzlvg316tw0000gn/T/pytest-of-admin/pytest-1520/test_cutlass_version_reads_onl0')

    def test_cutlass_version_reads_only_macro_definitions(monkeypatch, tmp_path):
        include_dir = tmp_path / "third_party" / "cutlass" / "include" / "cutlass"
        include_dir.mkdir(parents=True)
        (include_dir / "version.h").write_text(
            "// Copyright 2026. CUTLASS_VERSION_MAJOR should not be read here.\n"
            "#define CUTLASS_VERSION_MAJOR 4\n"
            "#define CUTLASS_VERSION_MINOR 12\n"
            "#define CUTLASS_VERSION_PATCH 3\n"
            "#define CUTLASS_VERSION (CUTLASS_VERSION_MAJOR * 100 + CUTLASS_VERSION_MINOR)\n",
            encoding="utf-8",
        )
        monkeypatch.setattr(perf_core_base, "CODE_ROOT", tmp_path)
        result = perf_core_base.PerformanceCoreBase(bench_root=tmp_path).get_dependency_health()
>       assert result["cutlass"]["version"] == "4.12.3"
E       AssertionError: assert None == '4.12.3'

tests/test_audit_wave1_parser_regressions.py:149: AssertionError
=========================== short test summary info ============================
FAILED tests/test_audit_wave1_parser_regressions.py::test_nvlink_status_preserves_gpu_link_ids_and_fractional_rates
FAILED tests/test_audit_wave1_parser_regressions.py::test_nvlink_inactive_links_do_not_report_available
FAILED tests/test_audit_wave1_parser_regressions.py::test_nvlink_unknown_rate_is_not_invented
FAILED tests/test_audit_wave1_parser_regressions.py::test_nvlink_malformed_gpu_header_does_not_reuse_previous_gpu
FAILED tests/test_audit_wave1_parser_regressions.py::test_topology_returns_peer_gpu_ids_not_local_link_indexes
FAILED tests/test_audit_wave1_parser_regressions.py::test_full_topology_does_not_infer_nvlink_from_gpu_headers
FAILED tests/test_audit_wave1_parser_regressions.py::test_topology_rejects_incomplete_or_status_only_output[GPU2 GPU10 CPU Affinity\nGPU2 X NV2 0-31\n]
FAILED tests/test_audit_wave1_parser_regressions.py::test_topology_rejects_incomplete_or_status_only_output[GPU 0: Fixture\nLink 0: Active\n]
FAILED tests/test_audit_wave1_parser_regressions.py::test_cutlass_version_reads_only_macro_definitions
9 failed, 3 passed in 0.57s
